Archive member included to satisfy reference by file (symbol)

c:/program files (x86)/gnu tools arm embedded/6 2017-q2-update/bin/../lib/gcc/arm-none-eabi/6.3.1/../../../../arm-none-eabi/lib/thumb/v7-m\libc.a(lib_a-exit.o)
                              c:/program files (x86)/gnu tools arm embedded/6 2017-q2-update/bin/../lib/gcc/arm-none-eabi/6.3.1/../../../../arm-none-eabi/lib/thumb/v7-m/crt0.o (exit)
c:/program files (x86)/gnu tools arm embedded/6 2017-q2-update/bin/../lib/gcc/arm-none-eabi/6.3.1/../../../../arm-none-eabi/lib/thumb/v7-m\libc.a(lib_a-impure.o)
                              c:/program files (x86)/gnu tools arm embedded/6 2017-q2-update/bin/../lib/gcc/arm-none-eabi/6.3.1/../../../../arm-none-eabi/lib/thumb/v7-m\libc.a(lib_a-exit.o) (_global_impure_ptr)
c:/program files (x86)/gnu tools arm embedded/6 2017-q2-update/bin/../lib/gcc/arm-none-eabi/6.3.1/../../../../arm-none-eabi/lib/thumb/v7-m\libc.a(lib_a-init.o)
                              c:/program files (x86)/gnu tools arm embedded/6 2017-q2-update/bin/../lib/gcc/arm-none-eabi/6.3.1/../../../../arm-none-eabi/lib/thumb/v7-m/crt0.o (__libc_init_array)
c:/program files (x86)/gnu tools arm embedded/6 2017-q2-update/bin/../lib/gcc/arm-none-eabi/6.3.1/../../../../arm-none-eabi/lib/thumb/v7-m\libc.a(lib_a-memcpy.o)
                              objects/chip8.o (memcpy)
c:/program files (x86)/gnu tools arm embedded/6 2017-q2-update/bin/../lib/gcc/arm-none-eabi/6.3.1/../../../../arm-none-eabi/lib/thumb/v7-m\libc.a(lib_a-memmove.o)
                              objects/chip8.o (memmove)
c:/program files (x86)/gnu tools arm embedded/6 2017-q2-update/bin/../lib/gcc/arm-none-eabi/6.3.1/../../../../arm-none-eabi/lib/thumb/v7-m\libc.a(lib_a-memset.o)
                              c:/program files (x86)/gnu tools arm embedded/6 2017-q2-update/bin/../lib/gcc/arm-none-eabi/6.3.1/../../../../arm-none-eabi/lib/thumb/v7-m/crt0.o (memset)
c:/program files (x86)/gnu tools arm embedded/6 2017-q2-update/bin/../lib/gcc/arm-none-eabi/6.3.1/../../../../arm-none-eabi/lib/thumb/v7-m\libc.a(lib_a-rand.o)
                              objects/chip8.o (srand)
c:/program files (x86)/gnu tools arm embedded/6 2017-q2-update/bin/../lib/gcc/arm-none-eabi/6.3.1/../../../../arm-none-eabi/lib/thumb/v7-m\libc.a(lib_a-strlen-stub.o)
                              objects/menu.o (strlen)
c:/program files (x86)/gnu tools arm embedded/6 2017-q2-update/bin/../lib/gcc/arm-none-eabi/6.3.1/../../../../arm-none-eabi/lib/thumb/v7-m\libc.a(lib_a-time.o)
                              objects/chip8.o (time)
c:/program files (x86)/gnu tools arm embedded/6 2017-q2-update/bin/../lib/gcc/arm-none-eabi/6.3.1/../../../../arm-none-eabi/lib/thumb/v7-m\libc.a(lib_a-__call_atexit.o)
                              c:/program files (x86)/gnu tools arm embedded/6 2017-q2-update/bin/../lib/gcc/arm-none-eabi/6.3.1/../../../../arm-none-eabi/lib/thumb/v7-m\libc.a(lib_a-exit.o) (__call_exitprocs)
c:/program files (x86)/gnu tools arm embedded/6 2017-q2-update/bin/../lib/gcc/arm-none-eabi/6.3.1/../../../../arm-none-eabi/lib/thumb/v7-m\libc.a(lib_a-atexit.o)
                              c:/program files (x86)/gnu tools arm embedded/6 2017-q2-update/bin/../lib/gcc/arm-none-eabi/6.3.1/../../../../arm-none-eabi/lib/thumb/v7-m\libc.a(lib_a-__call_atexit.o) (atexit)
c:/program files (x86)/gnu tools arm embedded/6 2017-q2-update/bin/../lib/gcc/arm-none-eabi/6.3.1/../../../../arm-none-eabi/lib/thumb/v7-m\libc.a(lib_a-fini.o)
                              c:/program files (x86)/gnu tools arm embedded/6 2017-q2-update/bin/../lib/gcc/arm-none-eabi/6.3.1/../../../../arm-none-eabi/lib/thumb/v7-m\libc.a(lib_a-__call_atexit.o) (__libc_fini_array)
c:/program files (x86)/gnu tools arm embedded/6 2017-q2-update/bin/../lib/gcc/arm-none-eabi/6.3.1/../../../../arm-none-eabi/lib/thumb/v7-m\libc.a(lib_a-gettimeofdayr.o)
                              c:/program files (x86)/gnu tools arm embedded/6 2017-q2-update/bin/../lib/gcc/arm-none-eabi/6.3.1/../../../../arm-none-eabi/lib/thumb/v7-m\libc.a(lib_a-time.o) (_gettimeofday_r)
c:/program files (x86)/gnu tools arm embedded/6 2017-q2-update/bin/../lib/gcc/arm-none-eabi/6.3.1/../../../../arm-none-eabi/lib/thumb/v7-m\libc.a(lib_a-lock.o)
                              c:/program files (x86)/gnu tools arm embedded/6 2017-q2-update/bin/../lib/gcc/arm-none-eabi/6.3.1/../../../../arm-none-eabi/lib/thumb/v7-m\libc.a(lib_a-__call_atexit.o) (__retarget_lock_acquire_recursive)
c:/program files (x86)/gnu tools arm embedded/6 2017-q2-update/bin/../lib/gcc/arm-none-eabi/6.3.1/../../../../arm-none-eabi/lib/thumb/v7-m\libc.a(lib_a-reent.o)
                              c:/program files (x86)/gnu tools arm embedded/6 2017-q2-update/bin/../lib/gcc/arm-none-eabi/6.3.1/../../../../arm-none-eabi/lib/thumb/v7-m\libc.a(lib_a-gettimeofdayr.o) (errno)
[...]
Memory Configuration

Name             Origin             Length             Attributes
FLASH            0x08000000         0x00020000         xr
RAM              0x20000000         0x00005000         xrw
*default*        0x00000000         0xffffffff

Linker script and memory map

LOAD c:/program files (x86)/gnu tools arm embedded/6 2017-q2-update/bin/../lib/gcc/arm-none-eabi/6.3.1/thumb/v7-m/crti.o
LOAD c:/program files (x86)/gnu tools arm embedded/6 2017-q2-update/bin/../lib/gcc/arm-none-eabi/6.3.1/thumb/v7-m/crtbegin.o
LOAD c:/program files (x86)/gnu tools arm embedded/6 2017-q2-update/bin/../lib/gcc/arm-none-eabi/6.3.1/../../../../arm-none-eabi/lib/thumb/v7-m/crt0.o
LOAD objects/system_stm32f1xx.o
LOAD objects/stm32f1xx_hal_eth.o
LOAD objects/stm32f1xx_hal_i2c.o
LOAD objects/stm32f1xx_ll_tim.o
LOAD objects/stm32f1xx_hal_pwr.o
LOAD objects/stm32f1xx_hal_nand.o
LOAD objects/stm32f1xx_hal_can.o
LOAD objects/stm32f1xx_hal_dac.o
LOAD objects/stm32f1xx_ll_usart.o
LOAD objects/stm32f1xx_ll_crc.o
LOAD objects/stm32f1xx_hal_spi_ex.o
LOAD objects/stm32f1xx_hal_gpio_ex.o
LOAD objects/stm32f1xx_hal_iwdg.o
LOAD objects/stm32f1xx_hal_dma.o
LOAD objects/stm32f1xx_hal_smartcard.o
LOAD objects/stm32f1xx_ll_dac.o
LOAD objects/stm32f1xx_hal_adc_ex.o
LOAD objects/stm32f1xx_hal_tim_ex.o
LOAD objects/stm32f1xx_hal_i2s.o
LOAD objects/stm32f1xx_hal_cortex.o
LOAD objects/stm32f1xx_hal_rtc.o
LOAD objects/stm32f1xx_hal_pccard.o
LOAD objects/stm32f1xx_ll_i2c.o
LOAD objects/stm32f1xx_ll_utils.o
LOAD objects/stm32f1xx_ll_usb.o
LOAD objects/stm32f1xx_hal_gpio.o
LOAD objects/stm32f1xx_hal_mmc.o
LOAD objects/stm32f1xx_ll_spi.o
LOAD objects/stm32f1xx_hal_spi.o
LOAD objects/stm32f1xx_ll_rtc.o
LOAD objects/stm32f1xx_hal_adc.o
LOAD objects/stm32f1xx_hal_pcd_ex.o
LOAD objects/stm32f1xx_hal_hcd.o
LOAD objects/stm32f1xx_hal_nor.o
LOAD objects/stm32f1xx_hal_uart.o
LOAD objects/stm32f1xx_ll_dma.o
LOAD objects/stm32f1xx_hal_flash.o
LOAD objects/stm32f1xx_hal.o
LOAD objects/stm32f1xx_ll_pwr.o
LOAD objects/stm32f1xx_hal_rcc_ex.o
LOAD objects/stm32f1xx_ll_fsmc.o
LOAD objects/stm32f1xx_hal_wwdg.o
LOAD objects/stm32f1xx_hal_irda.o
LOAD objects/stm32f1xx_ll_sdmmc.o
LOAD objects/stm32f1xx_hal_pcd.o
LOAD objects/stm32f1xx_ll_exti.o
LOAD objects/stm32f1xx_hal_usart.o
LOAD objects/stm32f1xx_hal_tim.o
LOAD objects/stm32f1xx_hal_crc.o
LOAD objects/stm32f1xx_ll_rcc.o
LOAD objects/stm32f1xx_ll_gpio.o
LOAD objects/stm32f1xx_hal_sram.o
LOAD objects/stm32f1xx_hal_rtc_ex.o
LOAD objects/stm32f1xx_ll_adc.o
LOAD objects/stm32f1xx_hal_dac_ex.o
LOAD objects/stm32f1xx_hal_flash_ex.o
LOAD objects/stm32f1xx_hal_rcc.o
LOAD objects/stm32f1xx_hal_sd.o
LOAD objects/stm32f1xx_hal_cec.o
LOAD objects/input.o
LOAD objects/stm32f1xx_it.o
LOAD objects/main.o
LOAD objects/menu.o
LOAD objects/chip8.o
LOAD objects/splash.o
LOAD objects/system.o
LOAD objects/display.o
LOAD objects/buzzer.o
LOAD objects/startup_stm32f103xb.o
                0x20004fff                _estack = 0x20004fff
                0x00000200                _Min_Heap_Size = 0x200
                0x00000400                _Min_Stack_Size = 0x400

.isr_vector     0x08000000      0x10c
                0x08000000                . = ALIGN (0x4)
 *(.isr_vector)
 .isr_vector    0x08000000      0x10c objects/startup_stm32f103xb.o
                0x08000000                g_pfnVectors
                0x0800010c                . = ALIGN (0x4)

.text           0x0800010c     0x25cc
                0x0800010c                . = ALIGN (0x4)
 *(.text)
 .text          0x0800010c       0x6c c:/program files (x86)/gnu tools arm embedded/6 2017-q2-update/bin/../lib/gcc/arm-none-eabi/6.3.1/thumb/v7-m/crtbegin.o
 .text          0x08000178       0xec c:/program files (x86)/gnu tools arm embedded/6 2017-q2-update/bin/../lib/gcc/arm-none-eabi/6.3.1/../../../../arm-none-eabi/lib/thumb/v7-m\libc.a(lib_a-memcpy.o)
                0x08000178                memcpy
 *(.text*)
 .text.SystemInit
                0x08000264       0x4c objects/system_stm32f1xx.o
                0x08000264                SystemInit
 .text.HAL_SPI_Init
                0x080002b0       0x7c objects/stm32f1xx_hal_spi_ex.o
                0x080002b0                HAL_SPI_Init
 .text.HAL_NVIC_SetPriorityGrouping
                0x0800032c       0x24 objects/stm32f1xx_hal_cortex.o
                0x0800032c                HAL_NVIC_SetPriorityGrouping
 .text.HAL_NVIC_SetPriority
                0x08000350       0x68 objects/stm32f1xx_hal_cortex.o
                0x08000350                HAL_NVIC_SetPriority
 .text.HAL_SYSTICK_Config
                0x080003b8       0x2c objects/stm32f1xx_hal_cortex.o
                0x080003b8                HAL_SYSTICK_Config
 .text.HAL_GPIO_Init
                0x080003e4      0x1c0 objects/stm32f1xx_hal_gpio.o
                0x080003e4                HAL_GPIO_Init
 .text.HAL_GPIO_ReadPin
                0x080005a4        0xc objects/stm32f1xx_hal_gpio.o
                0x080005a4                HAL_GPIO_ReadPin
 .text.HAL_GPIO_WritePin
                0x080005b0        0xa objects/stm32f1xx_hal_gpio.o
                0x080005b0                HAL_GPIO_WritePin
 .text.SPI_WaitFlagStateUntilTimeout
                0x080005ba       0x8e objects/stm32f1xx_hal_spi.o
 .text.SPI_CheckFlag_BSY
                0x08000648       0x20 objects/stm32f1xx_hal_spi.o
 .text.HAL_SPI_MspInit
                0x08000668        0x2 objects/stm32f1xx_hal_spi.o
                0x08000668                HAL_SPI_MspInit
 .text.HAL_SPI_Transmit
                0x0800066a      0x180 objects/stm32f1xx_hal_spi.o
                0x0800066a                HAL_SPI_Transmit
 .text.HAL_MspInit
                0x080007ea        0x2 objects/stm32f1xx_hal.o
                0x080007ea                HAL_MspInit
 .text.HAL_InitTick
                0x080007ec       0x28 objects/stm32f1xx_hal.o
                0x080007ec                HAL_InitTick
 .text.HAL_Init
                0x08000814       0x24 objects/stm32f1xx_hal.o
                0x08000814                HAL_Init
 .text.HAL_IncTick
                0x08000838       0x10 objects/stm32f1xx_hal.o
                0x08000838                HAL_IncTick
 .text.HAL_GetTick
                0x08000848        0xc objects/stm32f1xx_hal.o
                0x08000848                HAL_GetTick
 .text.HAL_Delay
                0x08000854       0x20 objects/stm32f1xx_hal.o
                0x08000854                HAL_Delay
 .text.TIM_OC1_SetConfig
                0x08000874       0x50 objects/stm32f1xx_hal_tim.o
 .text.TIM_OC3_SetConfig
                0x080008c4       0x54 objects/stm32f1xx_hal_tim.o
 .text.TIM_OC4_SetConfig
                0x08000918       0x44 objects/stm32f1xx_hal_tim.o
 .text.HAL_TIM_PWM_MspInit
                0x0800095c        0x2 objects/stm32f1xx_hal_tim.o
                0x0800095c                HAL_TIM_PWM_MspInit
 *fill*         0x0800095e        0x2 
 .text.TIM_Base_SetConfig
                0x08000960       0x70 objects/stm32f1xx_hal_tim.o
                0x08000960                TIM_Base_SetConfig
 .text.HAL_TIM_PWM_Init
                0x080009d0       0x34 objects/stm32f1xx_hal_tim.o
                0x080009d0                HAL_TIM_PWM_Init
 .text.TIM_OC2_SetConfig
                0x08000a04       0x58 objects/stm32f1xx_hal_tim.o
                0x08000a04                TIM_OC2_SetConfig
 .text.HAL_TIM_PWM_ConfigChannel
                0x08000a5c       0xc4 objects/stm32f1xx_hal_tim.o
                0x08000a5c                HAL_TIM_PWM_ConfigChannel
 .text.TIM_CCxChannelCmd
                0x08000b20       0x18 objects/stm32f1xx_hal_tim.o
                0x08000b20                TIM_CCxChannelCmd
 .text.HAL_TIM_PWM_Start
                0x08000b38       0x2c objects/stm32f1xx_hal_tim.o
                0x08000b38                HAL_TIM_PWM_Start
 .text.HAL_TIM_PWM_Stop
                0x08000b64       0x5c objects/stm32f1xx_hal_tim.o
                0x08000b64                HAL_TIM_PWM_Stop
 .text.HAL_RCC_OscConfig
                0x08000bc0      0x318 objects/stm32f1xx_hal_rcc.o
                0x08000bc0                HAL_RCC_OscConfig
 .text.HAL_RCC_GetSysClockFreq
                0x08000ed8       0x7c objects/stm32f1xx_hal_rcc.o
                0x08000ed8                HAL_RCC_GetSysClockFreq
 .text.HAL_RCC_ClockConfig
                0x08000f54      0x148 objects/stm32f1xx_hal_rcc.o
                0x08000f54                HAL_RCC_ClockConfig
 .text.inputRead
                0x0800109c       0xc8 objects/input.o
                0x0800109c                inputRead
 .text.NMI_Handler
                0x08001164        0x2 objects/stm32f1xx_it.o
                0x08001164                NMI_Handler
 .text.HardFault_Handler
                0x08001166        0x2 objects/stm32f1xx_it.o
                0x08001166                HardFault_Handler
 .text.MemManage_Handler
                0x08001168        0x2 objects/stm32f1xx_it.o
                0x08001168                MemManage_Handler
 .text.BusFault_Handler
                0x0800116a        0x2 objects/stm32f1xx_it.o
                0x0800116a                BusFault_Handler
 .text.UsageFault_Handler
                0x0800116c        0x2 objects/stm32f1xx_it.o
                0x0800116c                UsageFault_Handler
 .text.SVC_Handler
                0x0800116e        0x2 objects/stm32f1xx_it.o
                0x0800116e                SVC_Handler
 .text.DebugMon_Handler
                0x08001170        0x2 objects/stm32f1xx_it.o
                0x08001170                DebugMon_Handler
 .text.PendSV_Handler
                0x08001172        0x2 objects/stm32f1xx_it.o
                0x08001172                PendSV_Handler
 .text.SysTick_Handler
                0x08001174        0x4 objects/stm32f1xx_it.o
                0x08001174                SysTick_Handler
 .text._gettimeofday
                0x08001178        0x4 objects/main.o
                0x08001178                _gettimeofday
 .text.startup.main
                0x0800117c      0x150 objects/main.o
                0x0800117c                main
 .text.printChar
                0x080012cc       0x74 objects/menu.o
 .text.menuSelectGame
                0x08001340      0x1bc objects/menu.o
                0x08001340                menuSelectGame
 .text.setPixel
                0x080014fc       0x30 objects/chip8.o
 .text.clearPixel
                0x0800152c       0x30 objects/chip8.o
 .text.chip8ResetMem
                0x0800155c       0x5c objects/chip8.o
                0x0800155c                chip8ResetMem
 .text.chip8ResetCpu
                0x080015b8       0x28 objects/chip8.o
                0x080015b8                chip8ResetCpu
 .text.chip8GetPixel
                0x080015e0       0x2c objects/chip8.o
                0x080015e0                chip8GetPixel
 .text.chip8StepCpu
                0x0800160c      0x780 objects/chip8.o
                0x0800160c                chip8StepCpu
 .text.chip8UpdateTimers
                0x08001d8c       0x20 objects/chip8.o
                0x08001d8c                chip8UpdateTimers
 .text.chip8UpdateKey
                0x08001dac       0x14 objects/chip8.o
                0x08001dac                chip8UpdateKey
 .text.chip8GetAudio
                0x08001dc0       0x14 objects/chip8.o
                0x08001dc0                chip8GetAudio
 .text.chip8GetScreen
                0x08001dd4        0x8 objects/chip8.o
                0x08001dd4                chip8GetScreen
 .text.splashScreenShow
                0x08001ddc       0x18 objects/splash.o
                0x08001ddc                splashScreenShow
 .text.systemInit
                0x08001df4       0x56 objects/system.o
                0x08001df4                systemInit
 .text.systemDelay
                0x08001e4a        0x4 objects/system.o
                0x08001e4a                systemDelay
 .text.systemMillis
                0x08001e4e        0x4 objects/system.o
                0x08001e4e                systemMillis
 *fill*         0x08001e52        0x2 
 .text.sendCommand
                0x08001e54       0x34 objects/display.o
 .text.displayRefresh
                0x08001e88      0x2e8 objects/display.o
                0x08001e88                displayRefresh
 .text.buzzerInit
                0x08002170       0xb0 objects/buzzer.o
 .text.buzzerBeep
                0x08002220       0x40 objects/buzzer.o
                0x08002220                buzzerBeep
 .text.buzzerSilent
                0x08002260       0x40 objects/buzzer.o
                0x08002260                buzzerSilent
 .text.Reset_Handler
                0x080022a0       0x48 objects/startup_stm32f103xb.o
                0x080022a0                Reset_Handler
 .text.Default_Handler
                0x080022e8        0x2 objects/startup_stm32f103xb.o
                0x080022e8                RTC_Alarm_IRQHandler
                0x080022e8                EXTI2_IRQHandler
                0x080022e8                TIM1_CC_IRQHandler
                0x080022e8                PVD_IRQHandler
                0x080022e8                EXTI3_IRQHandler
                0x080022e8                EXTI0_IRQHandler
                0x080022e8                I2C2_EV_IRQHandler
                0x080022e8                ADC1_2_IRQHandler
                0x080022e8                SPI1_IRQHandler
                0x080022e8                TAMPER_IRQHandler
                0x080022e8                DMA1_Channel4_IRQHandler
                0x080022e8                USART3_IRQHandler
                0x080022e8                RTC_IRQHandler
                0x080022e8                DMA1_Channel7_IRQHandler
                0x080022e8                CAN1_RX1_IRQHandler
                0x080022e8                TIM4_IRQHandler
                0x080022e8                I2C1_EV_IRQHandler
                0x080022e8                DMA1_Channel6_IRQHandler
                0x080022e8                TIM3_IRQHandler
                0x080022e8                RCC_IRQHandler
                0x080022e8                TIM1_TRG_COM_IRQHandler
                0x080022e8                DMA1_Channel1_IRQHandler
                0x080022e8                Default_Handler
                0x080022e8                EXTI15_10_IRQHandler
                0x080022e8                EXTI9_5_IRQHandler
                0x080022e8                SPI2_IRQHandler
                0x080022e8                DMA1_Channel5_IRQHandler
                0x080022e8                EXTI4_IRQHandler
                0x080022e8                USB_LP_CAN1_RX0_IRQHandler
                0x080022e8                USB_HP_CAN1_TX_IRQHandler
                0x080022e8                DMA1_Channel3_IRQHandler
                0x080022e8                TIM1_UP_IRQHandler
                0x080022e8                WWDG_IRQHandler
                0x080022e8                TIM2_IRQHandler
                0x080022e8                TIM1_BRK_IRQHandler
                0x080022e8                EXTI1_IRQHandler
                0x080022e8                USART2_IRQHandler
                0x080022e8                I2C2_ER_IRQHandler
                0x080022e8                DMA1_Channel2_IRQHandler
                0x080022e8                CAN1_SCE_IRQHandler
                0x080022e8                FLASH_IRQHandler
                0x080022e8                USART1_IRQHandler
                0x080022e8                I2C1_ER_IRQHandler
                0x080022e8                USBWakeUp_IRQHandler
 *fill*         0x080022ea        0x2 
 .text.__libc_init_array
                0x080022ec       0x50 c:/program files (x86)/gnu tools arm embedded/6 2017-q2-update/bin/../lib/gcc/arm-none-eabi/6.3.1/../../../../arm-none-eabi/lib/thumb/v7-m\libc.a(lib_a-init.o)
                0x080022ec                __libc_init_array
 .text.memmove  0x0800233c       0xc8 c:/program files (x86)/gnu tools arm embedded/6 2017-q2-update/bin/../lib/gcc/arm-none-eabi/6.3.1/../../../../arm-none-eabi/lib/thumb/v7-m\libc.a(lib_a-memmove.o)
                0x0800233c                memmove
 .text.memset   0x08002404       0x9c c:/program files (x86)/gnu tools arm embedded/6 2017-q2-update/bin/../lib/gcc/arm-none-eabi/6.3.1/../../../../arm-none-eabi/lib/thumb/v7-m\libc.a(lib_a-memset.o)
                0x08002404                memset
 .text.srand    0x080024a0       0x14 c:/program files (x86)/gnu tools arm embedded/6 2017-q2-update/bin/../lib/gcc/arm-none-eabi/6.3.1/../../../../arm-none-eabi/lib/thumb/v7-m\libc.a(lib_a-rand.o)
                0x080024a0                srand
 .text.rand     0x080024b4       0x40 c:/program files (x86)/gnu tools arm embedded/6 2017-q2-update/bin/../lib/gcc/arm-none-eabi/6.3.1/../../../../arm-none-eabi/lib/thumb/v7-m\libc.a(lib_a-rand.o)
                0x080024b4                rand
 .text.strlen   0x080024f4       0x5c c:/program files (x86)/gnu tools arm embedded/6 2017-q2-update/bin/../lib/gcc/arm-none-eabi/6.3.1/../../../../arm-none-eabi/lib/thumb/v7-m\libc.a(lib_a-strlen-stub.o)
                0x080024f4                strlen
 .text.time     0x08002550       0x28 c:/program files (x86)/gnu tools arm embedded/6 2017-q2-update/bin/../lib/gcc/arm-none-eabi/6.3.1/../../../../arm-none-eabi/lib/thumb/v7-m\libc.a(lib_a-time.o)
                0x08002550                time
 .text.startup.register_fini
                0x08002578       0x14 c:/program files (x86)/gnu tools arm embedded/6 2017-q2-update/bin/../lib/gcc/arm-none-eabi/6.3.1/../../../../arm-none-eabi/lib/thumb/v7-m\libc.a(lib_a-__call_atexit.o)
 .text.atexit   0x0800258c        0xc c:/program files (x86)/gnu tools arm embedded/6 2017-q2-update/bin/../lib/gcc/arm-none-eabi/6.3.1/../../../../arm-none-eabi/lib/thumb/v7-m\libc.a(lib_a-atexit.o)
                0x0800258c                atexit
 .text.__libc_fini_array
                0x08002598       0x34 c:/program files (x86)/gnu tools arm embedded/6 2017-q2-update/bin/../lib/gcc/arm-none-eabi/6.3.1/../../../../arm-none-eabi/lib/thumb/v7-m\libc.a(lib_a-fini.o)
                0x08002598                __libc_fini_array
 .text._gettimeofday_r
                0x080025cc       0x28 c:/program files (x86)/gnu tools arm embedded/6 2017-q2-update/bin/../lib/gcc/arm-none-eabi/6.3.1/../../../../arm-none-eabi/lib/thumb/v7-m\libc.a(lib_a-gettimeofdayr.o)
                0x080025cc                _gettimeofday_r
 .text.__retarget_lock_acquire_recursive
                0x080025f4        0x4 c:/program files (x86)/gnu tools arm embedded/6 2017-q2-update/bin/../lib/gcc/arm-none-eabi/6.3.1/../../../../arm-none-eabi/lib/thumb/v7-m\libc.a(lib_a-lock.o)
                0x080025f4                __retarget_lock_acquire_recursive
 .text.__retarget_lock_release_recursive
                0x080025f8        0x4 c:/program files (x86)/gnu tools arm embedded/6 2017-q2-update/bin/../lib/gcc/arm-none-eabi/6.3.1/../../../../arm-none-eabi/lib/thumb/v7-m\libc.a(lib_a-lock.o)
                0x080025f8                __retarget_lock_release_recursive
 .text.__register_exitproc
                0x080025fc       0xc4 c:/program files (x86)/gnu tools arm embedded/6 2017-q2-update/bin/../lib/gcc/arm-none-eabi/6.3.1/../../../../arm-none-eabi/lib/thumb/v7-m\libc.a(lib_a-__atexit.o)
                0x080025fc                __register_exitproc
 *(.glue_7)
 .glue_7        0x080026c0        0x0 linker stubs
 *(.glue_7t)
 .glue_7t       0x080026c0        0x0 linker stubs
 *(.eh_frame)
 .eh_frame      0x080026c0        0x0 c:/program files (x86)/gnu tools arm embedded/6 2017-q2-update/bin/../lib/gcc/arm-none-eabi/6.3.1/thumb/v7-m/crtbegin.o
 *(.init)
 .init          0x080026c0        0x4 c:/program files (x86)/gnu tools arm embedded/6 2017-q2-update/bin/../lib/gcc/arm-none-eabi/6.3.1/thumb/v7-m/crti.o
                0x080026c0                _init
 .init          0x080026c4        0x8 c:/program files (x86)/gnu tools arm embedded/6 2017-q2-update/bin/../lib/gcc/arm-none-eabi/6.3.1/thumb/v7-m/crtn.o
 *(.fini)
 .fini          0x080026cc        0x4 c:/program files (x86)/gnu tools arm embedded/6 2017-q2-update/bin/../lib/gcc/arm-none-eabi/6.3.1/thumb/v7-m/crti.o
                0x080026cc                _fini
 .fini          0x080026d0        0x8 c:/program files (x86)/gnu tools arm embedded/6 2017-q2-update/bin/../lib/gcc/arm-none-eabi/6.3.1/thumb/v7-m/crtn.o
                0x080026d8                . = ALIGN (0x4)
                0x080026d8                _etext = .

.vfp11_veneer   0x080026d8        0x0
 .vfp11_veneer  0x080026d8        0x0 linker stubs

.v4_bx          0x080026d8        0x0
 .v4_bx         0x080026d8        0x0 linker stubs

.iplt           0x080026d8        0x0
 .iplt          0x080026d8        0x0 c:/program files (x86)/gnu tools arm embedded/6 2017-q2-update/bin/../lib/gcc/arm-none-eabi/6.3.1/thumb/v7-m/crtbegin.o

.rodata         0x080026d8     0x3658
                0x080026d8                . = ALIGN (0x4)
 *(.rodata)
 .rodata        0x080026d8       0x10 objects/stm32f1xx_hal_rcc.o
 .rodata        0x080026e8       0xb4 objects/chip8.o
 *(.rodata*)
 .rodata.AHBPrescTable
                0x0800279c       0x10 objects/system_stm32f1xx.o
                0x0800279c                AHBPrescTable
 .rodata.ant    0x080027ac      0xc7c objects/main.o
 .rodata.blinky
                0x08003428      0x9e0 objects/main.o
 .rodata.blitz  0x08003e08      0x187 objects/main.o
 .rodata.brix   0x08003f8f      0x118 objects/main.o
 .rodata.car    0x080040a7      0x140 objects/main.o
 .rodata.cave   0x080041e7      0x372 objects/main.o
 *fill*         0x08004559        0x3 
 .rodata.game_data
                0x0800455c       0x2c objects/main.o
 .rodata.game_frequency
                0x08004588       0x2c objects/main.o
 .rodata.game_size
                0x080045b4       0x2c objects/main.o
 .rodata.invaders
                0x080045e0      0x515 objects/main.o
 .rodata.pong   0x08004af5       0xf6 objects/main.o
 .rodata.super_astro_doge
                0x08004beb      0x5e9 objects/main.o
 .rodata.super_worm_v4
                0x080051d4      0x2a2 objects/main.o
 .rodata.tetris
                0x08005476      0x1ee objects/main.o
 .rodata.font   0x08005664      0x23e objects/menu.o
 *fill*         0x080058a2        0x2 
 .rodata.game_name
                0x080058a4       0x2c objects/menu.o
 .rodata.str1.1
                0x080058d0       0x59 objects/menu.o
 .rodata.splash
                0x08005929      0x400 objects/splash.o
 *fill*         0x08005d29        0x3 
 .rodata._global_impure_ptr
                0x08005d2c        0x4 c:/program files (x86)/gnu tools arm embedded/6 2017-q2-update/bin/../lib/gcc/arm-none-eabi/6.3.1/../../../../arm-none-eabi/lib/thumb/v7-m\libc.a(lib_a-impure.o)
                0x08005d2c                _global_impure_ptr
                0x08005d30                . = ALIGN (0x4)

.rel.dyn        0x08005d30        0x0
 .rel.iplt      0x08005d30        0x0 c:/program files (x86)/gnu tools arm embedded/6 2017-q2-update/bin/../lib/gcc/arm-none-eabi/6.3.1/thumb/v7-m/crtbegin.o

.ARM.extab
 *(.ARM.extab* .gnu.linkonce.armextab.*)

.ARM            0x08005d30        0x0
                0x08005d30                __exidx_start = .
 *(.ARM.exidx*)
                0x08005d30                __exidx_end = .

.preinit_array  0x08005d30        0x0
                0x08005d30                PROVIDE (__preinit_array_start, .)
 *(.preinit_array*)
                0x08005d30                PROVIDE (__preinit_array_end, .)

.init_array     0x08005d30        0x8
                0x08005d30                PROVIDE (__init_array_start, .)
 *(SORT(.init_array.*))
 .init_array.00000
                0x08005d30        0x4 c:/program files (x86)/gnu tools arm embedded/6 2017-q2-update/bin/../lib/gcc/arm-none-eabi/6.3.1/../../../../arm-none-eabi/lib/thumb/v7-m\libc.a(lib_a-__call_atexit.o)
 *(.init_array*)
 .init_array    0x08005d34        0x4 c:/program files (x86)/gnu tools arm embedded/6 2017-q2-update/bin/../lib/gcc/arm-none-eabi/6.3.1/thumb/v7-m/crtbegin.o
                0x08005d38                PROVIDE (__init_array_end, .)

.fini_array     0x08005d38        0x4
                0x08005d38                PROVIDE (__fini_array_start, .)
 *(SORT(.fini_array.*))
 *(.fini_array*)
 .fini_array    0x08005d38        0x4 c:/program files (x86)/gnu tools arm embedded/6 2017-q2-update/bin/../lib/gcc/arm-none-eabi/6.3.1/thumb/v7-m/crtbegin.o
                0x08005d3c                PROVIDE (__fini_array_end, .)
                0x08005d3c                _sidata = LOADADDR (.data)

.data           0x20000000      0x43c load address 0x08005d3c
                0x20000000                . = ALIGN (0x4)
                0x20000000                _sdata = .
 *(.data)
 *(.data*)
 .data.SystemCoreClock
                0x20000000        0x4 objects/system_stm32f1xx.o
                0x20000000                SystemCoreClock
 .data.button_down_state
                0x20000004        0x1 objects/menu.o
 .data.button_ok_state
                0x20000005        0x1 objects/menu.o
 .data.button_up_state
                0x20000006        0x1 objects/menu.o
 *fill*         0x20000007        0x1 
 .data._impure_ptr
                0x20000008        0x4 c:/program files (x86)/gnu tools arm embedded/6 2017-q2-update/bin/../lib/gcc/arm-none-eabi/6.3.1/../../../../arm-none-eabi/lib/thumb/v7-m\libc.a(lib_a-impure.o)
                0x20000008                _impure_ptr
 *fill*         0x2000000c        0x4 
 .data.impure_data
                0x20000010      0x428 c:/program files (x86)/gnu tools arm embedded/6 2017-q2-update/bin/../lib/gcc/arm-none-eabi/6.3.1/../../../../arm-none-eabi/lib/thumb/v7-m\libc.a(lib_a-impure.o)
 .data.__atexit_recursive_mutex
                0x20000438        0x4 c:/program files (x86)/gnu tools arm embedded/6 2017-q2-update/bin/../lib/gcc/arm-none-eabi/6.3.1/../../../../arm-none-eabi/lib/thumb/v7-m\libc.a(lib_a-__call_atexit.o)
                0x20000438                __atexit_recursive_mutex
                0x2000043c                . = ALIGN (0x4)
                0x2000043c                _edata = .

.jcr            0x2000043c        0x0 load address 0x08006178
 .jcr           0x2000043c        0x0 c:/program files (x86)/gnu tools arm embedded/6 2017-q2-update/bin/../lib/gcc/arm-none-eabi/6.3.1/thumb/v7-m/crtbegin.o

.igot.plt       0x2000043c        0x0 load address 0x08006178
 .igot.plt      0x2000043c        0x0 c:/program files (x86)/gnu tools arm embedded/6 2017-q2-update/bin/../lib/gcc/arm-none-eabi/6.3.1/thumb/v7-m/crtbegin.o
                0x2000043c                . = ALIGN (0x4)

.bss            0x2000043c     0x1d74 load address 0x08006178
                0x2000043c                _sbss = .
                0x2000043c                __bss_start__ = _sbss
 *(.bss)
 .bss           0x2000043c       0x1c c:/program files (x86)/gnu tools arm embedded/6 2017-q2-update/bin/../lib/gcc/arm-none-eabi/6.3.1/thumb/v7-m/crtbegin.o
 *(.bss*)
 .bss.uCRCErrorWorkaroundCheck
                0x20000458        0x1 objects/stm32f1xx_hal_spi_ex.o
                0x20000458                uCRCErrorWorkaroundCheck
 .bss.input_ready
                0x20000459        0x1 objects/input.o
 .bss.buffer    0x2000045a      0x400 objects/menu.o
 *fill*         0x2000085a        0x2 
 .bss.general_index
                0x2000085c        0x4 objects/menu.o
 .bss.last_btn_down_press_millis
                0x20000860        0x4 objects/menu.o
 .bss.last_btn_ok_press_millis
                0x20000864        0x4 objects/menu.o
 .bss.last_btn_up_press_millis
                0x20000868        0x4 objects/menu.o
 .bss.ok        0x2000086c        0x4 objects/menu.o
 .bss.screen_index
                0x20000870        0x4 objects/menu.o
 .bss.cpu       0x20000874      0x456 objects/chip8.o
 .bss.memory    0x20000cca     0x1001 objects/chip8.o
 .bss.buffer    0x20001ccb      0x400 objects/display.o
 *fill*         0x200020cb        0x1 
 .bss.config    0x200020cc       0x58 objects/display.o
 .bss.display_ready
                0x20002124        0x1 objects/display.o
 .bss.buzzer_ready
                0x20002125        0x1 objects/buzzer.o
 *fill*         0x20002126        0x2 
 .bss.config    0x20002128       0x40 objects/buzzer.o
 .bss.config_oc
                0x20002168       0x1c objects/buzzer.o
 *(COMMON)
 COMMON         0x20002184        0x4 objects/stm32f1xx_hal.o
                0x20002184                uwTick
 COMMON         0x20002188       0x21 c:/program files (x86)/gnu tools arm embedded/6 2017-q2-update/bin/../lib/gcc/arm-none-eabi/6.3.1/../../../../arm-none-eabi/lib/thumb/v7-m\libc.a(lib_a-lock.o)
                0x20002188                __lock___atexit_recursive_mutex
                0x2000218c                __lock___arc4random_mutex
                0x20002190                __lock___env_recursive_mutex
                0x20002194                __lock___sinit_recursive_mutex
                0x20002198                __lock___malloc_recursive_mutex
                0x2000219c                __lock___at_quick_exit_mutex
                0x200021a0                __lock___dd_hash_mutex
                0x200021a4                __lock___tz_mutex
                0x200021a8                __lock___sfp_recursive_mutex
 *fill*         0x200021a9        0x3 
 COMMON         0x200021ac        0x4 c:/program files (x86)/gnu tools arm embedded/6 2017-q2-update/bin/../lib/gcc/arm-none-eabi/6.3.1/../../../../arm-none-eabi/lib/thumb/v7-m\libc.a(lib_a-reent.o)
                0x200021ac                errno
                0x200021b0                . = ALIGN (0x4)
                0x200021b0                _ebss = .
                0x200021b0                __bss_end__ = _ebss

._user_heap_stack
                0x200021b0      0x600 load address 0x08006178
                0x200021b0                . = ALIGN (0x4)
                [!provide]                PROVIDE (end, .)
                [!provide]                PROVIDE (_end, .)
                0x200023b0                . = (. + _Min_Heap_Size)
 *fill*         0x200021b0      0x200 
                0x200027b0                . = (. + _Min_Stack_Size)
 *fill*         0x200023b0      0x400 
                0x200027b0                . = ALIGN (0x4)

/DISCARD/
 libc.a(*)
 libm.a(*)
 libgcc.a(*)

.ARM.attributes
                0x00000000       0x29
 *(.ARM.attributes)
 .ARM.attributes
                0x00000000       0x1d c:/program files (x86)/gnu tools arm embedded/6 2017-q2-update/bin/../lib/gcc/arm-none-eabi/6.3.1/thumb/v7-m/crti.o
 .ARM.attributes
                0x0000001d       0x2d c:/program files (x86)/gnu tools arm embedded/6 2017-q2-update/bin/../lib/gcc/arm-none-eabi/6.3.1/thumb/v7-m/crtbegin.o
 .ARM.attributes
                0x0000004a       0x33 objects/system_stm32f1xx.o
 .ARM.attributes
                0x0000007d       0x33 objects/stm32f1xx_hal_spi_ex.o
 .ARM.attributes
                0x000000b0       0x33 objects/stm32f1xx_hal_cortex.o
 .ARM.attributes
                0x000000e3       0x33 objects/stm32f1xx_hal_gpio.o
 .ARM.attributes
                0x00000116       0x33 objects/stm32f1xx_hal_spi.o
 .ARM.attributes
                0x00000149       0x33 objects/stm32f1xx_hal.o
 .ARM.attributes
                0x0000017c       0x33 objects/stm32f1xx_hal_tim.o
 .ARM.attributes
                0x000001af       0x33 objects/stm32f1xx_hal_rcc.o
 .ARM.attributes
                0x000001e2       0x33 objects/input.o
 .ARM.attributes
                0x00000215       0x33 objects/stm32f1xx_it.o
 .ARM.attributes
                0x00000248       0x33 objects/main.o
 .ARM.attributes
                0x0000027b       0x33 objects/menu.o
 .ARM.attributes
                0x000002ae       0x33 objects/chip8.o
 .ARM.attributes
                0x000002e1       0x33 objects/splash.o
 .ARM.attributes
                0x00000314       0x33 objects/system.o
 .ARM.attributes
                0x00000347       0x33 objects/display.o
 .ARM.attributes
                0x0000037a       0x33 objects/buzzer.o
 .ARM.attributes
                0x000003ad       0x21 objects/startup_stm32f103xb.o
 .ARM.attributes
                0x000003ce       0x1d c:/program files (x86)/gnu tools arm embedded/6 2017-q2-update/bin/../lib/gcc/arm-none-eabi/6.3.1/thumb/v7-m/crtn.o
START GROUP
LOAD c:/program files (x86)/gnu tools arm embedded/6 2017-q2-update/bin/../lib/gcc/arm-none-eabi/6.3.1/thumb/v7-m\libgcc.a
LOAD c:/program files (x86)/gnu tools arm embedded/6 2017-q2-update/bin/../lib/gcc/arm-none-eabi/6.3.1/../../../../arm-none-eabi/lib/thumb/v7-m\libc.a
END GROUP
LOAD c:/program files (x86)/gnu tools arm embedded/6 2017-q2-update/bin/../lib/gcc/arm-none-eabi/6.3.1/thumb/v7-m/crtend.o
LOAD c:/program files (x86)/gnu tools arm embedded/6 2017-q2-update/bin/../lib/gcc/arm-none-eabi/6.3.1/thumb/v7-m/crtn.o
OUTPUT(build/binary.elf elf32-littlearm)

.comment        0x00000000       0xfe
 .comment       0x00000000       0x7f objects/system_stm32f1xx.o
                                 0x80 (size before relaxing)
 .comment       0x0000007f       0x80 objects/stm32f1xx_hal_spi_ex.o
 .comment       0x0000007f       0x80 objects/stm32f1xx_hal_cortex.o
 .comment       0x0000007f       0x80 objects/stm32f1xx_hal_gpio.o
 .comment       0x0000007f       0x80 objects/stm32f1xx_hal_spi.o
 .comment       0x0000007f       0x80 objects/stm32f1xx_hal.o
 .comment       0x0000007f       0x80 objects/stm32f1xx_hal_tim.o
 .comment       0x0000007f       0x80 objects/stm32f1xx_hal_rcc.o
 .comment       0x0000007f       0x7f objects/input.o
                                 0x80 (size before relaxing)
 .comment       0x000000fe       0x80 objects/stm32f1xx_it.o
 .comment       0x000000fe       0x80 objects/main.o
 .comment       0x000000fe       0x80 objects/menu.o
 .comment       0x000000fe       0x80 objects/chip8.o
 .comment       0x000000fe       0x80 objects/splash.o
 .comment       0x000000fe       0x80 objects/system.o
 .comment       0x000000fe       0x80 objects/display.o
 .comment       0x000000fe       0x80 objects/buzzer.o
